Saturday
========

Reference: 54
        U12W_4K: 22..49 (27)
        U16W_5K: 13..42 (29)
        WOM_7K: 9..35 (26)
        U12M_4K: 0..27 (27)
        U16M_6K: 6..45 (39)
        MAN_10K: 20..53 (33)

$ python umm2019.py saturday --horizon=50 --time-limit=5m -v
    NoSolutionError

$ python umm2019.py saturday --horizon=50 --time-limit=225 --random-seed=42 -v
    NoSolutionError

$ python umm2019.py saturday --horizon=50 --time-limit=225 -v
    Wettkampf-Duration-Summary:
        U12W_4K: 0..29 (29)
        U16W_5K: 8..37 (29)
        WOM_7K: 14..34 (20)
        U12M_4K: 19..45 (26)
        U16M_6K: 5..42 (37)
        MAN_10K: 12..49 (37)
    objective_value: 1988

$ python umm2019.py saturday --horizon=50 --time-limit=300 -v
    Wettkampf-Duration-Summary:
        U12W_4K: 0..24 (24)
        U16W_5K: 10..37 (27)
        WOM_7K: 14..32 (18)
        U12M_4K: 28..44 (16)
        U16M_6K: 7..41 (34)
        MAN_10K: 18..48 (30)
    objective_value: 1658

$ python umm2019.py saturday --horizon=50 --time-limit=400 --random-seed=42 -v
    NoSolutionError

$ python umm2019.py saturday --horizon=50 --time-limit=400 -v
    Wettkampf-Duration-Summary:
        U12W_4K: 0..24 (24)
        U16W_5K: 10..37 (27)
        WOM_7K: 14..32 (18)
        U12M_4K: 28..44 (16)
        U16M_6K: 7..41 (34)
        MAN_10K: 18..48 (30)
    objective_value: 1658

$ python umm2019.py saturday --horizon=50 --time-limit=10m -v
    Wettkampf-Duration-Summary:
        U12W_4K: 0..24 (24)
        U16W_5K: 10..37 (27)
        WOM_7K: 14..32 (18)
        U12M_4K: 28..44 (16)
        U16M_6K: 7..41 (34)
        MAN_10K: 18..48 (30)
    objective_value: 1658

$ python umm2019.py saturday --horizon=50 --time-limit=15m -v
    Wettkampf-Duration-Summary:
        U12W_4K: 0..24 (24)
        U16W_5K: 10..37 (27)
        WOM_7K: 14..32 (18)
        U12M_4K: 28..44 (16)
        U16M_6K: 7..41 (34)
        MAN_10K: 18..48 (30   )
    objective_value: 1658

$ python umm2019.py saturday --horizon=50 --time-limit=20m -v
    Wettkampf-Duration-Summary:
        U12W_4K: 0..24 (24)
        U16W_5K: 10..37 (27)
        WOM_7K: 14..32 (18)
        U12M_4K: 28..44 (16)
        U16M_6K: 7..41 (34)
        MAN_10K: 18..48 (30)
    objective_value: 1645

$ python umm2019.py saturday --horizon=50 --time-limit=25m -v
    Wettkampf-Duration-Summary:
        U12W_4K: 0..24 (24)
        U16W_5K: 10..37 (27)
        WOM_7K: 14..32 (18)
        U12M_4K: 28..44 (16)
        U16M_6K: 7..41 (34)
        MAN_10K: 18..48 (30)
    objective_value: 1645

$ python umm2019.py saturday --horizon=50 --time-limit=30m --ratio-gap=0.72 -v
    Wettkampf-Duration-Summary:
        U12W_4K: 3..34 (31)
        U16W_5K: 11..38 (27)
        WOM_7K: 22..42 (20)
        U12M_4K: 26..45 (19)
        U16M_6K: 0..31 (31)
        MAN_10K: 15..49 (34)
    objective_value: 1861

$ python umm2019.py saturday --horizon=50 --time-limit=30m --ratio-gap=1.049 -v
    Wettkampf-Duration-Summary:
        U12W_4K: 3..34 (31)
        U16W_5K: 11..38 (27)
        WOM_7K: 22..42 (20)
        U12M_4K: 26..45 (19)
        U16M_6K: 0..31 (31)
        MAN_10K: 15..49 (34)
    objective_value: 1861

$ python umm2019.py saturday --horizon=50 --time-limit=30m --ratio-gap=0.6 -v
    Wettkampf-Duration-Summary:
        U12W_4K: 0..29 (29)
        U16W_5K: 8..37 (29)
        WOM_7K: 14..34 (20)
        U12M_4K: 19..45 (26)
        U16M_6K: 5..42 (37)
        MAN_10K: 12..49 (37)
    objective_value: 1989

$ python umm2019.py saturday --horizon=50 --time-limit=30m --ratio-gap=0.5 -v
    Wettkampf-Duration-Summary:
        U12W_4K: 0..24 (24)
        U16W_5K: 10..37 (27)
        WOM_7K: 14..32 (18)
        U12M_4K: 28..44 (16)
        U16M_6K: 7..41 (34)
        MAN_10K: 18..48 (30)
    objective_value: 1658

$ python umm2019.py saturday --horizon=56 --time-limit=30m -v
    Wettkampf-Duration-Summary:
        U12W_4K: 23..48 (25)
        U16W_5K: 6..30 (24)
        WOM_7K: 14..39 (25)
        U12M_4K: 0..18 (18)
        U16M_6K: 11..52 (41)
        MAN_10K: 28..55 (27)
    objective_value: 1742

$ python umm2019.py saturday --horizon=55 --time-limit=30m -v
    Wettkampf-Duration-Summary:
        U12W_4K: 29..49 (20)
        U16W_5K: 4..34 (30)
        WOM_7K: 15..38 (23)
        U12M_4K: 0..20 (20)
        U16M_6K: 9..42 (33)
        MAN_10K: 13..53 (40)
    objective_value: 1701

$ python umm2019.py saturday --horizon=54 --time-limit=30m -v
    Wettkampf-Duration-Summary:
        U12W_4K: 24..49 (25)
        U16W_5K: 0..28 (28)
        WOM_7K: 12..36 (24)
        U12M_4K: 16..32 (16)
        U16M_6K: 7..40 (33)
        MAN_10K: 21..53 (32)
    objective_value: 1721

$ python umm2019.py saturday --horizon=53 --time-limit=30m -v
    Wettkampf-Duration-Summary:
        U12W_4K: 26..46 (20)
        U16W_5K: 4..35 (31)
        WOM_7K: 14..32 (18)
        U12M_4K: 0..21 (21)
        U16M_6K: 8..40 (32)
        MAN_10K: 18..50 (32)
    objective_value: 1657

$ python umm2019.py saturday --horizon=52 --time-limit=30m -v
    Wettkampf-Duration-Summary:
        U12W_4K: 23..47 (24)
        U16W_5K: 2..27 (25)
        WOM_7K: 14..36 (22)
        U12M_4K: 19..39 (20)
        U16M_6K: 6..43 (37)
        MAN_10K: 12..51 (39)
    objective_value: 1784

$ python umm2019.py saturday --horizon=51 --time-limit=30m -v
    Wettkampf-Duration-Summary:
        U12W_4K: 4..36 (32)
        U16W_5K: 0..20 (20)
        WOM_7K: 14..33 (19)
        U12M_4K: 29..46 (17)
        U16M_6K: 11..43 (32)
        MAN_10K: 18..50 (32)
    objective_value: 1714

$ python umm2019.py saturday --horizon=50 --time-limit=30m -v
    Wettkampf-Duration-Summary:
        U12W_4K: 0..24 (24)
        U16W_5K: 10..37 (27)
        WOM_7K: 14..32 (18)
        U12M_4K: 28..44 (16)
        U16M_6K: 7..41 (34)
        MAN_10K: 18..48 (30)
    objective_value: 1645

$ python umm2019.py saturday --horizon=49 --time-limit=30m -v
    NoSolutionError

$ python umm2019.py saturday --horizon=48 --time-limit=30m -v
    NoSolutionError


$ python umm2019.py saturday --horizon=56 --time-limit=1h -v
    Wettkampf-Duration-Summary:
        U12W_4K: 23..48 (25)
        U16W_5K: 6..30 (24)
        WOM_7K: 14..39 (25)
        U12M_4K: 0..18 (18)
        U16M_6K: 11..52 (41)
        MAN_10K: 28..55 (27)
    objective_value: 1738

$ python umm2019.py saturday --horizon=55 --time-limit=1h -v
    Wettkampf-Duration-Summary:
        U12W_4K: 29..49 (20)
        U16W_5K: 4..34 (30)
        WOM_7K: 16..38 (22)
        U12M_4K: 0..20 (20)
        U16M_6K: 9..42 (33)
        MAN_10K: 14..53 (39)
    objective_value: 1689

$ python umm2019.py saturday --horizon=54 --time-limit=1h -v
    Wettkampf-Duration-Summary:
        U12W_4K: 24..49 (25)
        U16W_5K: 0..28 (28)
        WOM_7K: 12..36 (24)
        U12M_4K: 16..32 (16)
        U16M_6K: 7..40 (33)
        MAN_10K: 21..53 (32)
    objective_value: 1721

$ python umm2019.py saturday --horizon=53 --time-limit=1h -v
    Wettkampf-Duration-Summary:
        U12W_4K: 26..46 (20)
        U16W_5K: 4..35 (31)
        WOM_7K: 14..32 (18)
        U12M_4K: 0..21 (21)
        U16M_6K: 8..40 (32)
        MAN_10K: 19..50 (31)
    objective_value: 1651

$ python umm2019.py saturday --horizon=52 --time-limit=1h -v
    Wettkampf-Duration-Summary:
        U12W_4K: 23..47 (24)
        U16W_5K: 2..27 (25)
        WOM_7K: 14..34 (20)
        U12M_4K: 19..38 (19)
        U16M_6K: 6..42 (36)
        MAN_10K: 12..51 (39)
    objective_value: 1750

$ python umm2019.py saturday --horizon=51 --time-limit=1h -v
    Wettkampf-Duration-Summary:
        U12W_4K: 4..36 (32)
        U16W_5K: 0..20 (20)
        WOM_7K: 14..33 (19)
        U12M_4K: 29..46 (17)
        U16M_6K: 11..43 (32)
        MAN_10K: 18..50 (32)
    objective_value: 1714

$ python umm2019.py saturday --horizon=50 --time-limit=1h -v
    Wettkampf-Duration-Summary:
        U12W_4K: 0..24 (24)
        U16W_5K: 10..37 (27)
        WOM_7K: 14..32 (18)
        U12M_4K: 28..44 (16)
        U16M_6K: 7..41 (34)
        MAN_10K: 18..48 (30)
    objective_value: 1641

$ python umm2019.py saturday --horizon=49 --time-limit=1h -v
    NoSolutionError

$ python umm2019.py saturday --horizon=48 --time-limit=1h -v
    NoSolutionError

$ python umm2019.py saturday --horizon=56 --time-limit=2h -v
    Wettkampf-Duration-Summary:
        U12W_4K: 23..48 (25)
        U16W_5K: 6..30 (24)
        WOM_7K: 14..39 (25)
        U12M_4K: 0..18 (18)
        U16M_6K: 11..52 (41)
        MAN_10K: 28..55 (27)
    objective_value: 1738

$ python umm2019.py saturday --horizon=55 --time-limit=2h -v
    Wettkampf-Duration-Summary:
        U12W_4K: 29..49 (20)
        U16W_5K: 4..34 (30)
        WOM_7K: 14..38 (24)
        U12M_4K: 0..18 (18)
        U16M_6K: 9..42 (33)
        MAN_10K: 12..53 (41)
    objective_value: 1677

$ python umm2019.py saturday --horizon=54 --time-limit=2h -v
    Wettkampf-Duration-Summary:
        U12W_4K: 19..41 (22)
        U16W_5K: 29..49 (20)
        WOM_7K: 15..45 (30)
        U12M_4K: 3..24 (21)
        U16M_6K: 0..36 (36)
        MAN_10K: 13..53 (40)
    objective_value: 1705

$ python umm2019.py saturday --horizon=53 --time-limit=2h -v
    Wettkampf-Duration-Summary:
        U12W_4K: 26..46 (20)
        U16W_5K: 4..35 (31)
        WOM_7K: 14..32 (18)
        U12M_4K: 0..21 (21)
        U16M_6K: 8..40 (32)
        MAN_10K: 19..50 (31)
    objective_value: 1649

$ python umm2019.py saturday --horizon=52 --time-limit=2h -v
    Wettkampf-Duration-Summary:
        U12W_4K: 26..47 (21)
        U16W_5K: 1..22 (21)
        WOM_7K: 14..34 (20)
        U12M_4K: 18..38 (20)
        U16M_6K: 9..42 (33)
        MAN_10K: 12..51 (39)
    objective_value: 1622

$ python umm2019.py saturday --horizon=51 --time-limit=2h -v
    Wettkampf-Duration-Summary:
        U12W_4K: 24..46 (22)
        U16W_5K: 4..35 (31)
        WOM_7K: 20..42 (22)
        U12M_4K: 10..28 (18)
        U16M_6K: 1..32 (31)
        MAN_10K: 18..50 (32)
    objective_value: 1705

$ python umm2019.py saturday --horizon=50 --time-limit=2h -v
    Wettkampf-Duration-Summary:
        U12W_4K: 0..24 (24)
        U16W_5K: 10..37 (27)
        WOM_7K: 14..32 (18)
        U12M_4K: 28..44 (16)
        U16M_6K: 7..41 (34)
        MAN_10K: 18..48 (30)
    objective_value: 1641

$ python umm2019.py saturday --horizon=49 --time-limit=2h -v
    NoSolutionError

$ python umm2019.py saturday --horizon=48 --time-limit=2h -v
    NoSolutionError


$ python umm2019.py saturday --horizon=56 --time-limit=4h -v
    Wettkampf-Duration-Summary:
        U12W_4K: 23..48 (25)
        U16W_5K: 6..30 (24)
        WOM_7K: 14..39 (25)
        U12M_4K: 0..18 (18)
        U16M_6K: 11..52 (41)
        MAN_10K: 28..55 (27)
    objective_value: 1735

$ python umm2019.py saturday --horizon=55 --time-limit=4h -v
    Wettkampf-Duration-Summary:
        U12W_4K: 28..48 (20)
        U16W_5K: 4..34 (30)
        WOM_7K: 16..38 (22)
        U12M_4K: 0..20 (20)
        U16M_6K: 9..42 (33)
        MAN_10K: 14..52 (38)
    objective_value: 1664

$ python umm2019.py saturday --horizon=54 --time-limit=4h -v
    Wettkampf-Duration-Summary:
        U12W_4K: 19..41 (22)
        U16W_5K: 29..49 (20)
        WOM_7K: 15..45 (30)
        U12M_4K: 3..24 (21)
        U16M_6K: 0..36 (36)
        MAN_10K: 13..53 (40)
    objective_value: 1703

$ python umm2019.py saturday --horizon=53 --time-limit=4h -v
    Wettkampf-Duration-Summary:
        U12W_4K: 26..46 (20)
        U16W_5K: 4..35 (31)
        WOM_7K: 14..32 (18)
        U12M_4K: 0..21 (21)
        U16M_6K: 8..40 (32)
        MAN_10K: 19..50 (31)
    objective_value: 1648

$ python umm2019.py saturday --horizon=52 --time-limit=4h -v
    Wettkampf-Duration-Summary:
        U12W_4K: 26..47 (21)
        U16W_5K: 1..22 (21)
        WOM_7K: 14..34 (20)
        U12M_4K: 18..38 (20)
        U16M_6K: 9..42 (33)
        MAN_10K: 12..51 (39)
    objective_value: 1618

$ python umm2019.py saturday --horizon=51 --time-limit=4h -v
    Wettkampf-Duration-Summary:
        U12W_4K: 24..46 (22)
        U16W_5K: 4..35 (31)
        WOM_7K: 20..42 (22)
        U12M_4K: 10..28 (18)
        U16M_6K: 0..32 (32)
        MAN_10K: 18..50 (32)
    objective_value: 1698

$ python umm2019.py saturday --horizon=50 --time-limit=4h -v
    Wettkampf-Duration-Summary:
        U12W_4K: 0..24 (24)
        U16W_5K: 10..37 (27)
        WOM_7K: 14..32 (18)
        U12M_4K: 28..44 (16)
        U16M_6K: 7..41 (34)
        MAN_10K: 18..48 (30)
    objective_value: 1640

$ python umm2019.py saturday --horizon=49 --time-limit=4h -v
    Wettkampf-Duration-Summary:
        U12W_4K: 24..44 (20)
        U16W_5K: 0..18 (18)
        WOM_7K: 12..30 (18)
        U12M_4K: 8..33 (25)
        U16M_6K: 5..38 (33)
        MAN_10K: 16..48 (32)
    objective_value: 1616

$ python umm2019.py saturday --horizon=48 --time-limit=4h -v
    NoSolutionError


$ python umm2019.py saturday --horizon=56 --time-limit=8h -v
    Wettkampf-Duration-Summary:
        U12W_4K: 23..48 (25)
        U16W_5K: 6..30 (24)
        WOM_7K: 14..39 (25)
        U12M_4K: 0..18 (18)
        U16M_6K: 11..52 (41)
        MAN_10K: 28..55 (27)
    objective_value: 1735

$ python umm2019.py saturday --horizon=55 --time-limit=8h -v
    Wettkampf-Duration-Summary:
        U12W_4K: 17..41 (24)
        U16W_5K: 28..49 (21)
        WOM_7K: 13..35 (22)
        U12M_4K: 5..21 (16)
        U16M_6K: 0..32 (32)
        MAN_10K: 26..54 (28)
    objective_value: 1579

$ python umm2019.py saturday --horizon=54 --time-limit=8h -v
    Wettkampf-Duration-Summary:
        U12W_4K: 19..41 (22)
        U16W_5K: 29..49 (20)
        WOM_7K: 15..45 (30)
        U12M_4K: 3..24 (21)
        U16M_6K: 0..36 (36)
        MAN_10K: 13..53 (40)
    objective_value: 1701

$ python umm2019.py saturday --horizon=53 --time-limit=8h -v
    Wettkampf-Duration-Summary:
        U12W_4K: 26..46 (20)
        U16W_5K: 4..35 (31)
        WOM_7K: 14..32 (18)
        U12M_4K: 0..21 (21)
        U16M_6K: 8..40 (32)
        MAN_10K: 19..50 (31)
    objective_value: 1648

$ python umm2019.py saturday --horizon=52 --time-limit=8h -v
    Wettkampf-Duration-Summary:
        U12W_4K: 26..47 (21)
        U16W_5K: 1..22 (21)
        WOM_7K: 14..34 (20)
        U12M_4K: 18..38 (20)
        U16M_6K: 9..42 (33)
        MAN_10K: 12..51 (39)
    objective_value: 1617

$ python umm2019.py saturday --horizon=51 --time-limit=8h -v
    Wettkampf-Duration-Summary:
        U12W_4K: 22..46 (24)
        U16W_5K: 3..30 (27)
        WOM_7K: 18..38 (20)
        U12M_4K: 10..26 (16)
        U16M_6K: 0..34 (34)
        MAN_10K: 15..50 (35)
    objective_value: 1692

$ python umm2019.py saturday --horizon=50 --time-limit=8h -v
    Wettkampf-Duration-Summary:
        U12W_4K: 0..24 (24)
        U16W_5K: 10..37 (27)
        WOM_7K: 14..32 (18)
        U12M_4K: 28..44 (16)
        U16M_6K: 7..41 (34)
        MAN_10K: 18..48 (30)
    objective_value: 1640

$ python umm2019.py saturday --horizon=49 --time-limit=8h -v
    Wettkampf-Duration-Summary:
        U12W_4K: 24..44 (20)
        U16W_5K: 0..18 (18)
        WOM_7K: 12..30 (18)
        U12M_4K: 8..33 (25)
        U16M_6K: 5..38 (33)
        MAN_10K: 16..48 (32)
    objective_value: 1616

$ python umm2019.py saturday --horizon=48 --time-limit=8h -v
    NoSolutionError


$ python umm2019.py saturday --horizon=56 --time-limit=12h -v
    Wettkampf-Duration-Summary:
        U12W_4K: 23..48 (25)
        U16W_5K: 6..30 (24)
        WOM_7K: 14..39 (25)
        U12M_4K: 0..18 (18)
        U16M_6K: 11..52 (41)
        MAN_10K: 28..55 (27)
    objective_value: 1735

$ python umm2019.py saturday --horizon=55 --time-limit=12h -v
    Wettkampf-Duration-Summary:
        U12W_4K: 17..41 (24)
        U16W_5K: 28..49 (21)
        WOM_7K: 13..35 (22)
        U12M_4K: 5..21 (16)
        U16M_6K: 0..32 (32)
        MAN_10K: 26..54 (28)
    objective_value: 1579

$ python umm2019.py saturday --horizon=54 --time-limit=12h -v
    Wettkampf-Duration-Summary:
        U12W_4K: 19..41 (22)
        U16W_5K: 29..49 (20)
        WOM_7K: 15..45 (30)
        U12M_4K: 5..24 (19)
        U16M_6K: 0..36 (36)
        MAN_10K: 13..53 (40)
    objective_value: 1675

$ python umm2019.py saturday --horizon=53 --time-limit=12h -v
    Wettkampf-Duration-Summary:
        U12W_4K: 26..46 (20)
        U16W_5K: 4..35 (31)
        WOM_7K: 14..32 (18)
        U12M_4K: 0..21 (21)
        U16M_6K: 8..40 (32)
        MAN_10K: 19..50 (31)
    objective_value: 1647

$ python umm2019.py saturday --horizon=52 --time-limit=12h -v
    Wettkampf-Duration-Summary:
        U12W_4K: 26..47 (21)
        U16W_5K: 1..22 (21)
        WOM_7K: 14..34 (20)
        U12M_4K: 18..38 (20)
        U16M_6K: 9..42 (33)
        MAN_10K: 12..51 (39)
    objective_value: 1618

$ python umm2019.py saturday --horizon=51 --time-limit=12h -v
    Wettkampf-Duration-Summary:
        U12W_4K: 8..39 (31)
        U16W_5K: 0..19 (19)
        WOM_7K: 24..43 (19)
        U12M_4K: 30..46 (16)
        U16M_6K: 4..36 (32)
        MAN_10K: 12..50 (38)
    objective_value: 1695

$ python umm2019.py saturday --horizon=50 --time-limit=12h -v
    Wettkampf-Duration-Summary:
        U12W_4K: 0..24 (24)
        U16W_5K: 10..37 (27)
        WOM_7K: 14..32 (18)
        U12M_4K: 28..44 (16)
        U16M_6K: 7..41 (34)
        MAN_10K: 18..48 (30)
    objective_value: 1640

$ python umm2019.py saturday --horizon=49 --time-limit=12h -v
    Wettkampf-Duration-Summary:
        U12W_4K: 24..44 (20)
        U16W_5K: 0..18 (18)
        WOM_7K: 12..30 (18)
        U12M_4K: 8..33 (25)
        U16M_6K: 5..38 (33)
        MAN_10K: 16..48 (32)
    objective_value: 1616

$ python umm2019.py saturday --horizon=48 --time-limit=12h -v
    NoSolutionError


Sunday
======

Reference: 53
        U14W_5K: 18..49 (31)
        MAN_6K: 4..45 (41)
        WOM_5K: 10..38 (28)
        MAN_10K: 14..53 (39)
        U14M_5K: 0..26 (26)
        WOM_7K: 23..41 (18)


$ python umm2019.py sunday --horizon=49 --time-limit=30m -v
    Wettkampf-Duration-Summary:
        U14M_5K: 0..19 (19)
        MAN_6K: 10..30 (20)
        WOM_5K: 7..34 (27)
        MAN_10K: 14..47 (33)
        U14W_5K: 23..43 (20)
        WOM_7K: 22..37 (15)
    objective_value: 1433

$ python umm2019.py sunday --horizon=48 --time-limit=30m -v
    Wettkampf-Duration-Summary:
        U14M_5K: 4..31 (27)
        MAN_6K: 0..27 (27)
        WOM_5K: 8..38 (30)
        MAN_10K: 13..47 (34)
        U14W_5K: 21..43 (22)
        WOM_7K: 12..35 (23)
    objective_value: 1729

$ python umm2019.py sunday --horizon=47 --time-limit=30m -v
    Wettkampf-Duration-Summary:
        U14M_5K: 18..37 (19)
        MAN_6K: 4..30 (26)
        WOM_5K: 10..34 (24)
        MAN_10K: 14..46 (32)
        U14W_5K: 0..42 (42)
        WOM_7K: 12..27 (15)
    objective_value: 1955

$ python umm2019.py sunday --horizon=46 --time-limit=30m -v
    Wettkampf-Duration-Summary:
        U14M_5K: 4..23 (19)
        MAN_6K: 0..27 (27)
        WOM_5K: 10..36 (26)
        MAN_10K: 13..45 (32)
        U14W_5K: 19..40 (21)
        WOM_7K: 16..31 (15)
    objective_value: 1536

$ python umm2019.py sunday --horizon=45 --time-limit=30m -v
    Wettkampf-Duration-Summary:
        U14M_5K: 0..28 (28)
        MAN_6K: 4..24 (20)
        WOM_5K: 9..37 (28)
        MAN_10K: 12..44 (32)
        U14W_5K: 20..40 (20)
        WOM_7K: 16..32 (16)
    objective_value: 1516

$ python umm2019.py sunday --horizon=44 --time-limit=30m -v
    NoSolutionError

$ python umm2019.py sunday --horizon=43 --time-limit=30m -v
    NoSolutionError


$ python umm2019.py sunday --horizon=49 --time-limit=1h -v
    Wettkampf-Duration-Summary:
        U14M_5K: 0..19 (19)
        MAN_6K: 10..30 (20)
        WOM_5K: 7..34 (27)
        MAN_10K: 14..47 (33)
        U14W_5K: 23..43 (20)
        WOM_7K: 22..37 (15)
    objective_value: 1433

$ python umm2019.py sunday --horizon=48 --time-limit=1h -v
    Wettkampf-Duration-Summary:
        U14M_5K: 4..31 (27)
        MAN_6K: 0..27 (27)
        WOM_5K: 8..38 (30)
        MAN_10K: 13..47 (34)
        U14W_5K: 21..43 (22)
        WOM_7K: 12..35 (23)
    objective_value: 1729

$ python umm2019.py sunday --horizon=47 --time-limit=1h -v
    Wettkampf-Duration-Summary:
        U14M_5K: 20..39 (19)
        MAN_6K: 7..32 (25)
        WOM_5K: 11..43 (32)
        MAN_10K: 14..46 (32)
        U14W_5K: 0..24 (24)
        WOM_7K: 20..36 (16)
    objective_value: 1582

$ python umm2019.py sunday --horizon=46 --time-limit=1h -v
    Wettkampf-Duration-Summary:
        U14M_5K: 4..23 (19)
        MAN_6K: 0..27 (27)
        WOM_5K: 10..36 (26)
        MAN_10K: 13..45 (32)
        U14W_5K: 19..40 (21)
        WOM_7K: 16..31 (15)
    objective_value: 1533

$ python umm2019.py sunday --horizon=45 --time-limit=1h -v
    Wettkampf-Duration-Summary:
        U14M_5K: 0..16 (16)
        MAN_6K: 8..32 (24)
        WOM_5K: 4..28 (24)
        MAN_10K: 12..44 (32)
        U14W_5K: 20..40 (20)
        WOM_7K: 20..36 (16)
    objective_value: 1420

$ python umm2019.py sunday --horizon=44 --time-limit=1h -v
    NoSolutionError

$ python umm2019.py sunday --horizon=43 --time-limit=1h -v
    NoSolutionError


$ python umm2019.py sunday --horizon=49 --time-limit=2h -v
    Wettkampf-Duration-Summary:
        U14M_5K: 0..18 (18)
        MAN_6K: 6..31 (25)
        WOM_5K: 10..35 (25)
        MAN_10K: 14..47 (33)
        U14W_5K: 23..43 (20)
        WOM_7K: 12..27 (15)
    objective_value: 1432

$ python umm2019.py sunday --horizon=48 --time-limit=2h -v
    Wettkampf-Duration-Summary:
        U14M_5K: 0..22 (22)
        MAN_6K: 4..39 (35)
        WOM_5K: 19..44 (25)
        MAN_10K: 15..47 (32)
        U14W_5K: 10..34 (24)
        WOM_7K: 12..28 (16)
    objective_value: 1713

$ python umm2019.py sunday --horizon=47 --time-limit=2h -v
    Wettkampf-Duration-Summary:
        U14M_5K: 20..39 (19)
        MAN_6K: 7..32 (25)
        WOM_5K: 11..43 (32)
        MAN_10K: 14..46 (32)
        U14W_5K: 0..24 (24)
        WOM_7K: 20..36 (16)
    objective_value: 1581

$ python umm2019.py sunday --horizon=46 --time-limit=2h -v
    Wettkampf-Duration-Summary:
        U14M_5K: 26..41 (15)
        MAN_6K: 4..33 (29)
        WOM_5K: 8..30 (22)
        MAN_10K: 13..45 (32)
        U14W_5K: 0..22 (22)
        WOM_7K: 20..37 (17)
    objective_value: 1511

$ python umm2019.py sunday --horizon=45 --time-limit=2h -v
    Wettkampf-Duration-Summary:
        U14M_5K: 0..16 (16)
        MAN_6K: 8..32 (24)
        WOM_5K: 4..28 (24)
        MAN_10K: 12..44 (32)
        U14W_5K: 20..40 (20)
        WOM_7K: 20..36 (16)
    objective_value: 1420

$ python umm2019.py sunday --horizon=44 --time-limit=2h -v
    NoSolutionError

$ python umm2019.py sunday --horizon=43 --time-limit=2h -v
    NoSolutionError


$ python umm2019.py sunday --horizon=49 --time-limit=4h -v
    Wettkampf-Duration-Summary:
        U14M_5K: 0..18 (18)
        MAN_6K: 6..30 (24)
        WOM_5K: 11..35 (24)
        MAN_10K: 14..47 (33)
        U14W_5K: 23..43 (20)
        WOM_7K: 12..27 (15)
    objective_value: 1417

$ python umm2019.py sunday --horizon=48 --time-limit=4h -v
    Wettkampf-Duration-Summary:
        U14M_5K: 0..22 (22)
        MAN_6K: 4..39 (35)
        WOM_5K: 19..44 (25)
        MAN_10K: 15..47 (32)
        U14W_5K: 10..33 (23)
        WOM_7K: 12..28 (16)
    objective_value: 1698

$ python umm2019.py sunday --horizon=47 --time-limit=4h -v
    Wettkampf-Duration-Summary:
        U14M_5K: 1..17 (16)
        MAN_6K: 5..28 (23)
        WOM_5K: 9..37 (28)
        MAN_10K: 13..45 (32)
        U14W_5K: 21..41 (20)
        WOM_7K: 17..32 (15)
    objective_value: 1437

$ python umm2019.py sunday --horizon=46 --time-limit=4h -v
    Wettkampf-Duration-Summary:
        U14M_5K: 0..16 (16)
        MAN_6K: 8..31 (23)
        WOM_5K: 4..28 (24)
        MAN_10K: 12..45 (33)
        U14W_5K: 21..41 (20)
        WOM_7K: 21..38 (17)
    objective_value: 1439

$ python umm2019.py sunday --horizon=45 --time-limit=4h -v
    Wettkampf-Duration-Summary:
        U14M_5K: 0..16 (16)
        MAN_6K: 8..32 (24)
        WOM_5K: 4..28 (24)
        MAN_10K: 12..44 (32)
        U14W_5K: 20..40 (20)
        WOM_7K: 20..36 (16)
    objective_value: 1420

$ python umm2019.py sunday --horizon=44 --time-limit=4h -v
    NoSolutionError

$ python umm2019.py sunday --horizon=43 --time-limit=4h -v
    NoSolutionError


$ python umm2019.py sunday --horizon=49 --time-limit=8h -v
    Wettkampf-Duration-Summary:
        U14M_5K: 0..18 (18)
        MAN_6K: 6..30 (24)
        WOM_5K: 10..35 (25)
        MAN_10K: 14..47 (33)
        U14W_5K: 23..43 (20)
        WOM_7K: 12..27 (15)
    objective_value: 1424

$ python umm2019.py sunday --horizon=48 --time-limit=8h -v
    Wettkampf-Duration-Summary:
        U14M_5K: 1..22 (21)
        MAN_6K: 9..42 (33)
        WOM_5K: 5..27 (22)
        MAN_10K: 14..46 (32)
        U14W_5K: 18..38 (20)
        WOM_7K: 13..30 (17)
    objective_value: 1589

$ python umm2019.py sunday --horizon=47 --time-limit=8h -v
    Wettkampf-Duration-Summary:
        U14M_5K: 1..17 (16)
        MAN_6K: 5..28 (23)
        WOM_5K: 9..35 (26)
        MAN_10K: 13..45 (32)
        U14W_5K: 21..41 (20)
        WOM_7K: 17..32 (15)
    objective_value: 1429

$ python umm2019.py sunday --horizon=46 --time-limit=8h -v
    Wettkampf-Duration-Summary:
        U14M_5K: 0..16 (16)
        MAN_6K: 8..31 (23)
        WOM_5K: 4..28 (24)
        MAN_10K: 12..45 (33)
        U14W_5K: 21..41 (20)
        WOM_7K: 21..38 (17)
    objective_value: 1436

$ python umm2019.py sunday --horizon=45 --time-limit=8h -v
    Wettkampf-Duration-Summary:
        U14M_5K: 0..16 (16)
        MAN_6K: 8..32 (24)
        WOM_5K: 4..28 (24)
        MAN_10K: 12..44 (32)
        U14W_5K: 20..40 (20)
        WOM_7K: 20..36 (16)
    objective_value: 1420

$ python umm2019.py sunday --horizon=44 --time-limit=8h -v
    NoSolutionError

$ python umm2019.py sunday --horizon=43 --time-limit=8h -v
    NoSolutionError


$ python umm2019.py sunday --horizon=49 --time-limit=12h -v
    Wettkampf-Duration-Summary:
        U14M_5K: 0..16 (16)
        MAN_6K: 8..27 (19)
        WOM_5K: 5..33 (28)
        MAN_10K: 12..47 (35)
        U14W_5K: 22..43 (21)
        WOM_7K: 19..36 (17)
    objective_value: 1416

$ python umm2019.py sunday --horizon=48 --time-limit=12h -v
    Wettkampf-Duration-Summary:
        U14M_5K: 1..22 (21)
        MAN_6K: 9..42 (33)
        WOM_5K: 5..27 (22)
        MAN_10K: 14..46 (32)
        U14W_5K: 18..38 (20)
        WOM_7K: 13..30 (17)
    objective_value: 1588

$ python umm2019.py sunday --horizon=47 --time-limit=12h -v
    Wettkampf-Duration-Summary:
        U14M_5K: 1..17 (16)
        MAN_6K: 5..28 (23)
        WOM_5K: 9..35 (26)
        MAN_10K: 13..45 (32)
        U14W_5K: 21..41 (20)
        WOM_7K: 17..32 (15)
    objective_value: 1429

$ python umm2019.py sunday --horizon=46 --time-limit=12h -v
    Wettkampf-Duration-Summary:
        U14M_5K: 0..16 (16)
        MAN_6K: 8..33 (25)
        WOM_5K: 4..28 (24)
        MAN_10K: 12..45 (33)
        U14W_5K: 21..41 (20)
        WOM_7K: 21..37 (16)
    objective_value: 1434

$ python umm2019.py sunday --horizon=45 --time-limit=12h -v
    Wettkampf-Duration-Summary:
        U14M_5K: 0..16 (16)
        MAN_6K: 8..32 (24)
        WOM_5K: 4..28 (24)
        MAN_10K: 12..44 (32)
        U14W_5K: 20..40 (20)
        WOM_7K: 20..36 (16)
    objective_value: 1420

$ python umm2019.py sunday --horizon=44 --time-limit=12h -v
    NoSolutionError

$ python umm2019.py sunday --horizon=43 --time-limit=12h -v
    NoSolutionError
